---------------------------
|                         |
|                         |
|                         |
|                         |
|                         |
|                         |
|                         |
---------------------------
---------------------------
|                         |
|   x                     |
|   x                     |
|   x                     |
|   x                     |
|                         |
|                         |
---------------------------
---------------------------
|                         |
| x x                     |
| x x                     |
| x x                     |
| x x                     |
| x                       |
|                         |
---------------------------
---------------------------
|                         |
| x x                     |
| x x                     |
| x xxxxxxxxxxxxxxxxx     |
| x xx              x     |
| x  xxxxxxxxxxxxxxxx     |
|                         |
---------------------------
---------------------------
|                         |
| x x                     |
| x x                     |
| x xxxxxxxxxxxxxxxxx     |
| x xx%%%%%%%%%%%%%%x     |
| x  xxxxxxxxxxxxxxxx     |
|                         |
---------------------------
