---------------------------
|                         |
|                         |
|                         |
|                         |
|                         |
|                         |
|                         |
---------------------------
---------------------------
|                         |
|   xxx                   |
|                         |
|                         |
|                         |
|                         |
|                         |
---------------------------
---------------------------
|                         |
| x xxx                   |
| x                       |
| x                       |
| x                       |
| x                       |
|                         |
---------------------------
---------------------------
|               xxxxx     |
| x xxx         x   x     |
| x             xxxxx     |
| x                       |
| x                       |
| x                       |
|                         |
---------------------------
---------------------------
|               xxxxx     |
| x xxx         x   x     |
| x             xxxxx     |
| x  xxxxxxxxxxxxxxxx     |
| x  x              x     |
| x  xxxxxxxxxxxxxxxx     |
|                         |
---------------------------
---------------------------
|               xxxxx     |
| x xxx         x%%%x     |
| x             xxxxx     |
| x  xxxxxxxxxxxxxxxx     |
| x  x              x     |
| x  xxxxxxxxxxxxxxxx     |
|                         |
---------------------------
---------------------------
|               xxxxx     |
| x xxx         x%%%x     |
| x             xxxxx     |
| x  xxxxxxxxxxxxxxxx     |
| x  x%%%%%%%%%%%%%%x     |
| x  xxxxxxxxxxxxxxxx     |
|                         |
---------------------------
---------------------------
|111111111111111xxxxx11111|
|1x1xxx111111111x%%%x11111|
|1x1111111111111xxxxx11111|
|1x11xxxxxxxxxxxxxxxx11111|
|1x11x%%%%%%%%%%%%%%x11111|
|1x11xxxxxxxxxxxxxxxx11111|
|1111111111111111111111111|
---------------------------
